0 verbose cli /usr/bin/node /usr/bin/npm
1 info using npm@9.2.0
2 info using node@v22.22.1
3 timing npm:load:whichnode Completed in 0ms
4 timing config:load:defaults Completed in 1ms
5 timing config:load:file:/usr/share/nodejs/npm/npmrc Completed in 4ms
6 timing config:load:builtin Completed in 4ms
7 timing config:load:cli Completed in 2ms
8 timing config:load:env Completed in 0ms
9 timing config:load:project Completed in 5ms
10 timing config:load:file:/home/asdfubuntu/.npmrc Completed in 1ms
11 timing config:load:user Completed in 1ms
12 timing config:load:file:/etc/npmrc Completed in 0ms
13 timing config:load:global Completed in 0ms
14 timing config:load:setEnvs Completed in 1ms
15 timing config:load Completed in 15ms
16 timing npm:load:configload Completed in 15ms
17 timing npm:load:mkdirpcache Completed in 0ms
18 timing npm:load:mkdirplogs Completed in 1ms
19 verbose title npm install @earendil-works/pi-coding-agent
20 verbose argv "install" "--global" "--ignore-scripts" "@earendil-works/pi-coding-agent"
21 timing npm:load:setTitle Completed in 0ms
22 timing config:load:flatten Completed in 2ms
23 timing npm:load:display Completed in 2ms
24 verbose logfile logs-max:10 dir:/home/asdfubuntu/.npm/_logs/2026-09-25T07_51_53_158Z-
25 verbose logfile /home/asdfubuntu/.npm/_logs/2026-09-25T07_51_53_158Z-debug-0.log
26 timing npm:load:logFile Completed in 6ms
27 timing npm:load:timers Completed in 0ms
28 timing npm:load:configScope Completed in 0ms
29 timing npm:load Completed in 24ms
30 timing config:load:flatten Completed in 0ms
31 timing arborist:ctor Completed in 1ms
32 silly logfile done cleaning log files
33 timing idealTree:init Completed in 4ms
34 timing idealTree:userRequests Completed in 3ms
35 silly idealTree buildDeps
36 silly fetch manifest @earendil-works/pi-coding-agent@*
37 http fetch GET 200 https://registry.npmmirror.com/@earendil-works%2fpi-coding-agent 266ms (cache miss)
38 silly placeDep ROOT @earendil-works/pi-coding-agent@0.87.1 OK for:  want: *
39 silly fetch manifest diff@8.0.4
40 silly fetch manifest jiti@2.7.0
41 silly fetch manifest yaml@2.9.0
42 silly fetch manifest chalk@6.0.0
43 silly fetch manifest ignore@7.0.8
44 silly fetch manifest semver@7.8.5
45 silly fetch manifest undici@8.10.2
46 silly fetch manifest typebox@1.3.27
47 silly fetch manifest minimatch@10.2.6
48 silly fetch manifest cross-spawn@7.0.6
49 silly fetch manifest grok-mermaid@0.2.3
50 silly fetch manifest highlight.js@10.7.3
51 silly fetch manifest hosted-git-info@9.0.3
52 silly fetch manifest proper-lockfile@4.1.2
53 silly fetch manifest @earendil-works/chord@^0.87.1
54 silly fetch manifest @earendil-works/pi-ai@^0.87.1
55 silly fetch manifest @earendil-works/pi-tui@^0.87.1
56 silly fetch manifest @silvia-odwyer/photon-node@0.3.4
57 silly fetch manifest @earendil-works/pi-agent-core@^0.87.1
58 http fetch GET 200 https://registry.npmmirror.com/diff 50ms (cache miss)
59 http fetch GET 200 https://registry.npmmirror.com/@earendil-works%2fpi-ai 84ms (cache miss)
60 http fetch GET 200 https://registry.npmmirror.com/ignore 107ms (cache miss)
61 http fetch GET 200 https://registry.npmmirror.com/semver 115ms (cache miss)
62 http fetch GET 200 https://registry.npmmirror.com/cross-spawn 116ms (cache miss)
63 http fetch GET 200 https://registry.npmmirror.com/chalk 119ms (cache miss)
64 http fetch GET 200 https://registry.npmmirror.com/@earendil-works%2fpi-tui 143ms (cache miss)
65 http fetch GET 200 https://registry.npmmirror.com/proper-lockfile 146ms (cache miss)
66 http fetch GET 200 https://registry.npmmirror.com/jiti 153ms (cache miss)
67 http fetch GET 200 https://registry.npmmirror.com/typebox 156ms (cache miss)
68 http fetch GET 200 https://registry.npmmirror.com/@silvia-odwyer%2fphoton-node 157ms (cache miss)
69 http fetch GET 200 https://registry.npmmirror.com/@earendil-works%2fchord 158ms (cache miss)
70 http fetch GET 200 https://registry.npmmirror.com/yaml 164ms (cache miss)
71 http fetch GET 200 https://registry.npmmirror.com/highlight.js 162ms (cache miss)
72 http fetch GET 200 https://registry.npmmirror.com/undici 167ms (cache miss)
73 http fetch GET 200 https://registry.npmmirror.com/minimatch 176ms (cache miss)
74 http fetch GET 200 https://registry.npmmirror.com/hosted-git-info 188ms (cache miss)
75 http fetch GET 200 https://registry.npmmirror.com/grok-mermaid 189ms (cache miss)
76 http fetch GET 200 https://registry.npmmirror.com/@earendil-works%2fpi-agent-core 193ms (cache miss)
77 timing idealTree:#root Completed in 472ms
78 timing idealTree:buildDeps Completed in 472ms
79 timing idealTree:fixDepFlags Completed in 1ms
80 timing idealTree Completed in 480ms
81 timing reify:loadTrees Completed in 482ms
82 timing reify:diffTrees Completed in 3ms
83 silly reify moves {}
84 timing reify:retireShallow Completed in 1ms
85 timing reify:rollback:createSparse Completed in 0ms
86 timing reify:rollback:retireShallow Completed in 0ms
87 timing command:install Completed in 493ms
88 verbose stack Error: EACCES: permission denied, mkdir '/usr/local/lib/node_modules'
88 verbose stack     at async mkdir (node:internal/fs/promises:855:10)
88 verbose stack     at async /usr/share/nodejs/@npmcli/arborist/lib/arborist/reify.js:521:20
88 verbose stack     at async Promise.allSettled (index 0)
88 verbose stack     at async [reifyPackages] (/usr/share/nodejs/@npmcli/arborist/lib/arborist/reify.js:234:11)
88 verbose stack     at async Arborist.reify (/usr/share/nodejs/@npmcli/arborist/lib/arborist/reify.js:158:5)
88 verbose stack     at async Install.exec (/usr/share/nodejs/npm/lib/commands/install.js:146:5)
88 verbose stack     at async module.exports (/usr/share/nodejs/npm/lib/cli.js:133:5)
89 verbose cwd /home/asdfubuntu
90 verbose Linux 6.18.33.2-microsoft-standard-WSL2
91 verbose node v22.22.1
92 verbose npm  v9.2.0
93 error code EACCES
94 error syscall mkdir
95 error path /usr/local/lib/node_modules
96 error errno -13
97 error Error: EACCES: permission denied, mkdir '/usr/local/lib/node_modules'
97 error     at async mkdir (node:internal/fs/promises:855:10)
97 error     at async /usr/share/nodejs/@npmcli/arborist/lib/arborist/reify.js:521:20
97 error     at async Promise.allSettled (index 0)
97 error     at async [reifyPackages] (/usr/share/nodejs/@npmcli/arborist/lib/arborist/reify.js:234:11)
97 error     at async Arborist.reify (/usr/share/nodejs/@npmcli/arborist/lib/arborist/reify.js:158:5)
97 error     at async Install.exec (/usr/share/nodejs/npm/lib/commands/install.js:146:5)
97 error     at async module.exports (/usr/share/nodejs/npm/lib/cli.js:133:5) {
97 error   errno: -13,
97 error   code: 'EACCES',
97 error   syscall: 'mkdir',
97 error   path: '/usr/local/lib/node_modules'
97 error }
98 error
98 error The operation was rejected by your operating system.
98 error It is likely you do not have the permissions to access this file as the current user
98 error
98 error If you believe this might be a permissions issue, please double-check the
98 error permissions of the file and its containing directories, or try running
98 error the command again as root/Administrator.
99 verbose exit -13
100 timing npm Completed in 531ms
101 verbose unfinished npm timer reify 1790322713195
102 verbose unfinished npm timer reify:createSparse 1790322713685
103 verbose code -13
104 error A complete log of this run can be found in:
104 error     /home/asdfubuntu/.npm/_logs/2026-09-25T07_51_53_158Z-debug-0.log
