0 verbose cli /usr/bin/node /usr/bin/npm
1 info using npm@9.2.0
2 info using node@v22.22.1
3 timing npm:load:whichnode Completed in 0ms
4 timing config:load:defaults Completed in 1ms
5 timing config:load:file:/usr/share/nodejs/npm/npmrc Completed in 12ms
6 timing config:load:builtin Completed in 12ms
7 timing config:load:cli Completed in 1ms
8 timing config:load:env Completed in 1ms
9 timing config:load:project Completed in 2ms
10 timing config:load:file:/home/asdfubuntu/.npmrc Completed in 0ms
11 timing config:load:user Completed in 0ms
12 timing config:load:file:/etc/npmrc Completed in 0ms
13 timing config:load:global Completed in 0ms
14 timing config:load:setEnvs Completed in 1ms
15 timing config:load Completed in 18ms
16 timing npm:load:configload Completed in 18ms
17 timing npm:load:mkdirpcache Completed in 1ms
18 timing npm:load:mkdirplogs Completed in 0ms
19 verbose title npm install @earendil-works/pi-coding-agent
20 verbose argv "install" "--global" "--ignore-scripts" "@earendil-works/pi-coding-agent"
21 timing npm:load:setTitle Completed in 0ms
22 timing config:load:flatten Completed in 2ms
23 timing npm:load:display Completed in 2ms
24 verbose logfile logs-max:10 dir:/home/asdfubuntu/.npm/_logs/2026-09-25T07_49_30_727Z-
25 verbose logfile /home/asdfubuntu/.npm/_logs/2026-09-25T07_49_30_727Z-debug-0.log
26 timing npm:load:logFile Completed in 5ms
27 timing npm:load:timers Completed in 0ms
28 timing npm:load:configScope Completed in 0ms
29 timing npm:load Completed in 27ms
30 timing config:load:flatten Completed in 1ms
31 timing arborist:ctor Completed in 0ms
32 silly logfile done cleaning log files
33 timing idealTree:init Completed in 4ms
34 timing idealTree:userRequests Completed in 3ms
35 silly idealTree buildDeps
36 silly fetch manifest @earendil-works/pi-coding-agent@*
37 silly placeDep ROOT @earendil-works/pi-coding-agent@ OK for:  want: *
38 timing idealTree:#root Completed in 79173ms
39 timing idealTree:node_modules/@earendil-works/pi-coding-agent Completed in 0ms
40 timing idealTree:buildDeps Completed in 79175ms
41 timing idealTree:fixDepFlags Completed in 1ms
42 timing idealTree Completed in 79184ms
43 timing command:install Completed in 79189ms
44 verbose type system
45 verbose stack FetchError: request to https://registry.npmjs.org/@earendil-works%2fpi-coding-agent failed, reason: 
45 verbose stack     at ClientRequest.<anonymous> (/usr/share/nodejs/minipass-fetch/lib/index.js:130:14)
45 verbose stack     at ClientRequest.emit (node:events:519:28)
45 verbose stack     at emitErrorEvent (node:_http_client:108:11)
45 verbose stack     at TLSSocket.socketErrorListener (node:_http_client:575:5)
45 verbose stack     at TLSSocket.emit (node:events:531:35)
45 verbose stack     at emitErrorNT (node:internal/streams/destroy:170:8)
45 verbose stack     at emitErrorCloseNT (node:internal/streams/destroy:129:3)
45 verbose stack     at process.processTicksAndRejections (node:internal/process/task_queues:89:21)
46 verbose cwd /home/asdfubuntu
47 verbose Linux 6.18.33.2-microsoft-standard-WSL2
48 verbose node v22.22.1
49 verbose npm  v9.2.0
50 error code ETIMEDOUT
51 error errno ETIMEDOUT
52 error network request to https://registry.npmjs.org/@earendil-works%2fpi-coding-agent failed, reason: 
53 error network This is a problem related to network connectivity.
53 error network In most cases you are behind a proxy or have bad network settings.
53 error network
53 error network If you are behind a proxy, please make sure that the
53 error network 'proxy' config is set properly.  See: 'npm help config'
54 verbose exit 1
55 timing npm Completed in 79242ms
56 verbose unfinished npm timer reify 1790322570770
57 verbose unfinished npm timer reify:loadTrees 1790322570773
58 verbose code 1
59 error A complete log of this run can be found in:
59 error     /home/asdfubuntu/.npm/_logs/2026-09-25T07_49_30_727Z-debug-0.log
